------------------------------------------------------------
Timing Analyzer Summary
------------------------------------------------------------

Type  : Slow 1100mV 85C Model Setup 'CLOCK_50'
Slack : -3.899
TNS   : -3.899

Type  : Slow 1100mV 85C Model Setup 'avconf:u0|mI2C_CTRL_CLK'
Slack : -2.431
TNS   : -138.509

Type  : Slow 1100mV 85C Model Hold 'CLOCK_50'
Slack : 0.220
TNS   : 0.000

Type  : Slow 1100mV 85C Model Hold 'avconf:u0|mI2C_CTRL_CLK'
Slack : 0.378
TNS   : 0.000

Type  : Slow 1100mV 85C Model Minimum Pulse Width 'avconf:u0|mI2C_CTRL_CLK'
Slack : -0.394
TNS   : -35.350

Type  : Slow 1100mV 85C Model Minimum Pulse Width 'AC|Audio_Clock|altpll_component|auto_generated|generic_pll1~FRACTIONAL_PLL|vcoph[0]'
Slack : 1.666
TNS   : 0.000

Type  : Slow 1100mV 85C Model Minimum Pulse Width 'CLOCK_50'
Slack : 8.867
TNS   : 0.000

Type  : Slow 1100mV 0C Model Setup 'CLOCK_50'
Slack : -3.758
TNS   : -3.758

Type  : Slow 1100mV 0C Model Setup 'avconf:u0|mI2C_CTRL_CLK'
Slack : -2.422
TNS   : -133.325

Type  : Slow 1100mV 0C Model Hold 'CLOCK_50'
Slack : 0.208
TNS   : 0.000

Type  : Slow 1100mV 0C Model Hold 'avconf:u0|mI2C_CTRL_CLK'
Slack : 0.387
TNS   : 0.000

Type  : Slow 1100mV 0C Model Minimum Pulse Width 'avconf:u0|mI2C_CTRL_CLK'
Slack : -0.394
TNS   : -35.188

Type  : Slow 1100mV 0C Model Minimum Pulse Width 'AC|Audio_Clock|altpll_component|auto_generated|generic_pll1~FRACTIONAL_PLL|vcoph[0]'
Slack : 1.666
TNS   : 0.000

Type  : Slow 1100mV 0C Model Minimum Pulse Width 'CLOCK_50'
Slack : 8.819
TNS   : 0.000

Type  : Fast 1100mV 85C Model Setup 'CLOCK_50'
Slack : -3.141
TNS   : -3.141

Type  : Fast 1100mV 85C Model Setup 'avconf:u0|mI2C_CTRL_CLK'
Slack : -1.130
TNS   : -60.493

Type  : Fast 1100mV 85C Model Hold 'CLOCK_50'
Slack : 0.130
TNS   : 0.000

Type  : Fast 1100mV 85C Model Hold 'avconf:u0|mI2C_CTRL_CLK'
Slack : 0.138
TNS   : 0.000

Type  : Fast 1100mV 85C Model Minimum Pulse Width 'avconf:u0|mI2C_CTRL_CLK'
Slack : 0.096
TNS   : 0.000

Type  : Fast 1100mV 85C Model Minimum Pulse Width 'AC|Audio_Clock|altpll_component|auto_generated|generic_pll1~FRACTIONAL_PLL|vcoph[0]'
Slack : 1.666
TNS   : 0.000

Type  : Fast 1100mV 85C Model Minimum Pulse Width 'CLOCK_50'
Slack : 8.789
TNS   : 0.000

Type  : Fast 1100mV 0C Model Setup 'CLOCK_50'
Slack : -2.645
TNS   : -2.645

Type  : Fast 1100mV 0C Model Setup 'avconf:u0|mI2C_CTRL_CLK'
Slack : -1.003
TNS   : -51.852

Type  : Fast 1100mV 0C Model Hold 'CLOCK_50'
Slack : 0.118
TNS   : 0.000

Type  : Fast 1100mV 0C Model Hold 'avconf:u0|mI2C_CTRL_CLK'
Slack : 0.124
TNS   : 0.000

Type  : Fast 1100mV 0C Model Minimum Pulse Width 'avconf:u0|mI2C_CTRL_CLK'
Slack : 0.109
TNS   : 0.000

Type  : Fast 1100mV 0C Model Minimum Pulse Width 'AC|Audio_Clock|altpll_component|auto_generated|generic_pll1~FRACTIONAL_PLL|vcoph[0]'
Slack : 1.666
TNS   : 0.000

Type  : Fast 1100mV 0C Model Minimum Pulse Width 'CLOCK_50'
Slack : 8.784
TNS   : 0.000

------------------------------------------------------------
